2026-05-26 22:11:10,677 - INFO - ========== START ==========
2026-05-26 22:11:10,678 - INFO - Arguments: {'log_path': './log', 'log_filename': 'road-safety_AutoFeat_1.log', 'data_name': 'road-safety', 'seed': 1, 'test_size': 0.2, 'val_size': 0.2, 'feateng_steps': 2, 'max_gb': 1, 'n_jobs': 10}
2026-05-26 22:11:10,678 - INFO - Reading CSV file: './tabular_data/road-safety.csv'...
2026-05-26 22:11:11,498 - INFO - Original data shape: (111762, 33)
2026-05-26 22:11:11,501 - INFO - Target column: 'Sex_of_Driver'
2026-05-26 22:11:11,501 - INFO - Features shape: (111762, 32)
2026-05-26 22:11:11,529 - INFO - Numerical columns: 32
2026-05-26 22:11:11,529 - INFO - Categorical columns: 0: []
2026-05-26 22:11:11,545 - INFO - Final preprocessed data shape: (111762, 32)
2026-05-26 22:11:11,557 - INFO - Missing values: 0
2026-05-26 22:11:11,557 - INFO - Splitting data into train+val (0.8) and test (0.2) sets...
2026-05-26 22:11:11,683 - INFO - Splitting train+val set into train (0.75) and val (0.25) sets...
2026-05-26 22:11:11,796 - INFO - Data preprocessing and splitting completed!
2026-05-26 22:11:11,848 - INFO - Dataset merging completed!
2026-05-26 22:11:11,848 - INFO - Starting AutoFeat feature engineering...
2026-05-26 22:11:11,865 - INFO - Fitting AutoFeat on training data...
2026-05-26 22:11:11,874 - INFO - [AutoFeat] The 2 step feature engineering process could generate up to 25200 features.
2026-05-26 22:11:11,875 - INFO - [AutoFeat] With 89409 data points this new feature matrix would use about 9.01 gb of space.
2026-05-26 22:11:11,875 - INFO - [AutoFeat] As you specified a limit of 1.0 gb, the number of data points is subsampled to 9920
2026-05-26 22:11:11,925 - INFO - [feateng] Step 1: transformation of original features
2026-05-26 22:11:18,616 - INFO - [feateng] Generated 124 transformed features from 32 original features - done.
2026-05-26 22:11:18,638 - INFO - [feateng] Step 2: first combination of features
2026-05-26 22:11:41,617 - INFO - [feateng] Generated 11988 feature combinations from 12090 original feature tuples - done.
2026-05-26 22:11:43,237 - INFO - [feateng] Generated altogether 12149 new features in 2 steps
2026-05-26 22:11:43,237 - INFO - [feateng] Removing correlated features, as well as additions at the highest level
2026-05-26 22:11:45,467 - INFO - [feateng] Generated a total of 7839 additional features
2026-05-27 01:55:38,521 - INFO - [featsel] 220 features after 5 feature selection runs
2026-05-27 01:55:44,849 - INFO - [featsel] 170 features after correlation filtering
2026-05-27 02:01:32,744 - INFO - [featsel] 126 features after noise filtering
2026-05-27 02:01:32,749 - INFO - [AutoFeat] Computing 124 new features.
2026-05-27 02:02:02,370 - INFO - [AutoFeat]   124/  124 new features ...done.
2026-05-27 02:02:02,484 - INFO - [AutoFeat] Final dataframe with 156 feature columns (124 new).
2026-05-27 02:02:02,484 - INFO - [AutoFeat] Training final classification model.
2026-05-27 02:07:58,992 - INFO - [AutoFeat] Trained model: largest coefficients:
2026-05-27 02:07:58,996 - INFO - [1.08853825e-13]
2026-05-27 02:07:59,089 - INFO - [AutoFeat] Final score: 0.5740
2026-05-27 02:07:59,096 - INFO - AutoFeat feature engineering completed.
2026-05-27 02:07:59,096 - INFO - Transforming training data...
2026-05-27 02:07:59,114 - INFO - [AutoFeat] Computing 124 new features.
2026-05-27 02:08:00,278 - INFO - [AutoFeat]   124/  124 new features ...done.
2026-05-27 02:08:00,490 - INFO - Transforming validation data...
2026-05-27 02:08:00,498 - INFO - [AutoFeat] Computing 124 new features.
2026-05-27 02:08:01,004 - INFO - [AutoFeat]   124/  124 new features ...done.
2026-05-27 02:08:01,048 - INFO - Transforming test data...
2026-05-27 02:08:01,054 - INFO - [AutoFeat] Computing 124 new features.
2026-05-27 02:08:01,541 - INFO - [AutoFeat]   124/  124 new features ...done.
2026-05-27 02:08:01,582 - INFO - Creating new datasets with engineered features...
2026-05-27 02:08:01,586 - INFO - Original feature count: 32
2026-05-27 02:08:01,587 - INFO - New feature count: 156
2026-05-27 02:08:01,587 - INFO - Evaluating with AutoGluon...
2026-05-27 02:33:11,343 - INFO - ag_acc = 0.84986355299065
2026-05-27 02:33:11,343 - INFO - Evaluating with RandomForest...
2026-05-27 02:35:00,594 - INFO - val_acc = 0.7842347783295307
2026-05-27 02:35:00,594 - INFO - test_acc = 0.7852189862658256
2026-05-27 02:35:23,091 - INFO - Total time used = 14208.42 seconds
2026-05-27 02:35:23,092 - INFO - ========== END ==========
